src/app/dashboard/market-price/page.tsx(431,101): error TS2345: Argument of type 'string | null' is not assignable to parameter of type 'SetStateAction<Date | null>'.
  Type 'string' is not assignable to type 'SetStateAction<Date | null>'.
